// Jest Snapshot v1, https://goo.gl/fbAQLP

exports[`FormTitle should render correctly 1`] = `
<FormTitle
  classes={
    Object {
      "formTitle": "FormTitle-formTitle-2",
      "formTitleWrap": "FormTitle-formTitleWrap-1",
    }
  }
  text="test"
/>
`;
