// Jest Snapshot v1, https://goo.gl/fbAQLP

exports[`SubmitButton should render correctly 1`] = `
<SubmitButton
  className={Object {}}
  classes={
    Object {
      "logIn": "SubmitButton-logIn-1",
    }
  }
  styles={Object {}}
  text="test"
/>
`;
