// Jest Snapshot v1, https://goo.gl/fbAQLP

exports[`Title should match snapshot 1`] = `
<Title
  classes={
    Object {
      "title": "Title-title-1",
    }
  }
  styles={Object {}}
>
  test
</Title>
`;
